stm32f4xx_it.c:36:6:NMI_Handler	4	static
stm32f4xx_it.c:49:6:HardFault_Handler	4	static
stm32f4xx_it.c:64:6:MemManage_Handler	4	static
stm32f4xx_it.c:79:6:BusFault_Handler	4	static
stm32f4xx_it.c:94:6:UsageFault_Handler	4	static
stm32f4xx_it.c:109:6:SVC_Handler	4	static
stm32f4xx_it.c:122:6:DebugMon_Handler	4	static
stm32f4xx_it.c:135:6:PendSV_Handler	4	static
stm32f4xx_it.c:148:6:SysTick_Handler	8	static
stm32f4xx_it.c:169:6:I2C1_EV_IRQHandler	8	static
stm32f4xx_it.c:183:6:I2C1_ER_IRQHandler	8	static
